<testsuites name="results">
  <testsuite name="all" package="all">
    <property name="random_seed" value="1685171902" />
    <testcase name="xor_test" classname="xor_test" file="/home/yashwant/Documents/tutorial/tutorial-main/assignment-1-xor-verification-yashwant4756-main/tests/xor_test.py" lineno="5" time="0.0010769367218017578" sim_time_ns="4.001" ratio_time="3715.1672136373704" />
  </testsuite>
</testsuites>
